// Jest Snapshot v1, https://goo.gl/fbAQLP

exports[`Launchpad should render correctly 1`] = `
<div>
  <div
    aria-label="launchpad"
    class="css-b4kcmh"
  >
    <div
      class="css-11efvcy"
    >
      <img
        aria-label="wallpaper-component-with-wallpaper7"
        class="chakra-image css-uwwqev"
        loading="lazy"
        src=""
      />
    </div>
    <div
      class="css-129x2jn"
    >
      <div
        class="css-1f0kwap"
      >
        <div
          aria-label="program-button-App Store"
          class="css-16co9uo"
        >
          <img
            alt="App Store"
            class="chakra-image css-mzgt0a"
            loading="lazy"
            src=""
          />
          <p
            class="chakra-text css-1d0as8b"
          >
            App Store
          </p>
        </div>
        <div
          aria-label="program-button-Safari"
          class="css-16co9uo"
        >
          <img
            alt="Safari"
            class="chakra-image css-mzgt0a"
            loading="lazy"
            src=""
          />
          <p
            class="chakra-text css-1d0as8b"
          >
            Safari
          </p>
        </div>
        <div
          aria-label="program-button-Mails"
          class="css-16co9uo"
        >
          <img
            alt="Mails"
            class="chakra-image css-mzgt0a"
            loading="lazy"
            src=""
          />
          <p
            class="chakra-text css-1d0as8b"
          >
            Mails
          </p>
        </div>
        <div
          aria-label="program-button-Contacts"
          class="css-16co9uo"
        >
          <img
            alt="Contacts"
            class="chakra-image css-mzgt0a"
            loading="lazy"
            src=""
          />
          <p
            class="chakra-text css-1d0as8b"
          >
            Contacts
          </p>
        </div>
        <div
          aria-label="program-button-Calendar"
          class="css-16co9uo"
        >
          <img
            alt="Calendar"
            class="chakra-image css-mzgt0a"
            loading="lazy"
            src=""
          />
          <p
            class="chakra-text css-1d0as8b"
          >
            Calendar
          </p>
        </div>
        <div
          aria-label="program-button-Reminders"
          class="css-16co9uo"
        >
          <img
            alt="Reminders"
            class="chakra-image css-mzgt0a"
            loading="lazy"
            src=""
          />
          <p
            class="chakra-text css-1d0as8b"
          >
            Reminders
          </p>
        </div>
        <div
          aria-label="program-button-FaceTime"
          class="css-16co9uo"
        >
          <img
            alt="FaceTime"
            class="chakra-image css-mzgt0a"
            loading="lazy"
            src=""
          />
          <p
            class="chakra-text css-1d0as8b"
          >
            FaceTime
          </p>
        </div>
        <div
          aria-label="program-button-Messages"
          class="css-16co9uo"
        >
          <img
            alt="Messages"
            class="chakra-image css-mzgt0a"
            loading="lazy"
            src=""
          />
          <p
            class="chakra-text css-1d0as8b"
          >
            Messages
          </p>
        </div>
        <div
          aria-label="program-button-Maps"
          class="css-16co9uo"
        >
          <img
            alt="Maps"
            class="chakra-image css-mzgt0a"
            loading="lazy"
            src=""
          />
          <p
            class="chakra-text css-1d0as8b"
          >
            Maps
          </p>
        </div>
        <div
          aria-label="program-button-Find My"
          class="css-16co9uo"
        >
          <img
            alt="Find My"
            class="chakra-image css-mzgt0a"
            loading="lazy"
            src=""
          />
          <p
            class="chakra-text css-1d0as8b"
          >
            Find My
          </p>
        </div>
        <div
          aria-label="program-button-PhotoBooth"
          class="css-16co9uo"
        >
          <img
            alt="PhotoBooth"
            class="chakra-image css-mzgt0a"
            loading="lazy"
            src=""
          />
          <p
            class="chakra-text css-1d0as8b"
          >
            PhotoBooth
          </p>
        </div>
        <div
          aria-label="program-button-Photos"
          class="css-16co9uo"
        >
          <img
            alt="Photos"
            class="chakra-image css-mzgt0a"
            loading="lazy"
            src=""
          />
          <p
            class="chakra-text css-1d0as8b"
          >
            Photos
          </p>
        </div>
        <div
          aria-label="program-button-Preview"
          class="css-16co9uo"
        >
          <img
            alt="Preview"
            class="chakra-image css-mzgt0a"
            loading="lazy"
            src=""
          />
          <p
            class="chakra-text css-1d0as8b"
          >
            Preview
          </p>
        </div>
        <div
          aria-label="program-button-Music"
          class="css-16co9uo"
        >
          <img
            alt="Music"
            class="chakra-image css-mzgt0a"
            loading="lazy"
            src=""
          />
          <p
            class="chakra-text css-1d0as8b"
          >
            Music
          </p>
        </div>
        <div
          aria-label="program-button-Podcasts"
          class="css-16co9uo"
        >
          <img
            alt="Podcasts"
            class="chakra-image css-mzgt0a"
            loading="lazy"
            src=""
          />
          <p
            class="chakra-text css-1d0as8b"
          >
            Podcasts
          </p>
        </div>
        <div
          aria-label="program-button-TV"
          class="css-16co9uo"
        >
          <img
            alt="TV"
            class="chakra-image css-mzgt0a"
            loading="lazy"
            src=""
          />
          <p
            class="chakra-text css-1d0as8b"
          >
            TV
          </p>
        </div>
        <div
          aria-label="program-button-Voice Memos"
          class="css-16co9uo"
        >
          <img
            alt="Voice Memos"
            class="chakra-image css-mzgt0a"
            loading="lazy"
            src=""
          />
          <p
            class="chakra-text css-1d0as8b"
          >
            Voice Memos
          </p>
        </div>
        <div
          aria-label="program-button-GarageBand"
          class="css-16co9uo"
        >
          <img
            alt="GarageBand"
            class="chakra-image css-mzgt0a"
            loading="lazy"
            src=""
          />
          <p
            class="chakra-text css-1d0as8b"
          >
            GarageBand
          </p>
        </div>
        <div
          aria-label="program-button-iMovie"
          class="css-16co9uo"
        >
          <img
            alt="iMovie"
            class="chakra-image css-mzgt0a"
            loading="lazy"
            src=""
          />
          <p
            class="chakra-text css-1d0as8b"
          >
            iMovie
          </p>
        </div>
        <div
          aria-label="program-button-Keynote"
          class="css-16co9uo"
        >
          <img
            alt="Keynote"
            class="chakra-image css-mzgt0a"
            loading="lazy"
            src=""
          />
          <p
            class="chakra-text css-1d0as8b"
          >
            Keynote
          </p>
        </div>
        <div
          aria-label="program-button-Numbers"
          class="css-16co9uo"
        >
          <img
            alt="Numbers"
            class="chakra-image css-mzgt0a"
            loading="lazy"
            src=""
          />
          <p
            class="chakra-text css-1d0as8b"
          >
            Numbers
          </p>
        </div>
        <div
          aria-label="program-button-Pages"
          class="css-16co9uo"
        >
          <img
            alt="Pages"
            class="chakra-image css-mzgt0a"
            loading="lazy"
            src=""
          />
          <p
            class="chakra-text css-1d0as8b"
          >
            Pages
          </p>
        </div>
        <div
          aria-label="program-button-Weather"
          class="css-16co9uo"
        >
          <img
            alt="Weather"
            class="chakra-image css-mzgt0a"
            loading="lazy"
            src=""
          />
          <p
            class="chakra-text css-1d0as8b"
          >
            Weather
          </p>
        </div>
        <div
          aria-label="program-button-Stocks"
          class="css-16co9uo"
        >
          <img
            alt="Stocks"
            class="chakra-image css-mzgt0a"
            loading="lazy"
            src=""
          />
          <p
            class="chakra-text css-1d0as8b"
          >
            Stocks
          </p>
        </div>
        <div
          aria-label="program-button-Books"
          class="css-16co9uo"
        >
          <img
            alt="Books"
            class="chakra-image css-mzgt0a"
            loading="lazy"
            src=""
          />
          <p
            class="chakra-text css-1d0as8b"
          >
            Books
          </p>
        </div>
        <div
          aria-label="program-button-Dictionary"
          class="css-16co9uo"
        >
          <img
            alt="Dictionary"
            class="chakra-image css-mzgt0a"
            loading="lazy"
            src=""
          />
          <p
            class="chakra-text css-1d0as8b"
          >
            Dictionary
          </p>
        </div>
        <div
          aria-label="program-button-Calculator"
          class="css-16co9uo"
        >
          <img
            alt="Calculator"
            class="chakra-image css-mzgt0a"
            loading="lazy"
            src=""
          />
          <p
            class="chakra-text css-1d0as8b"
          >
            Calculator
          </p>
        </div>
        <div
          aria-label="program-button-Freeform"
          class="css-16co9uo"
        >
          <img
            alt="Freeform"
            class="chakra-image css-mzgt0a"
            loading="lazy"
            src=""
          />
          <p
            class="chakra-text css-1d0as8b"
          >
            Freeform
          </p>
        </div>
        <div
          aria-label="program-button-Home"
          class="css-16co9uo"
        >
          <img
            alt="Home"
            class="chakra-image css-mzgt0a"
            loading="lazy"
            src=""
          />
          <p
            class="chakra-text css-1d0as8b"
          >
            Home
          </p>
        </div>
        <div
          aria-label="program-button-Clock"
          class="css-16co9uo"
        >
          <img
            alt="Clock"
            class="chakra-image css-mzgt0a"
            loading="lazy"
            src=""
          />
          <p
            class="chakra-text css-1d0as8b"
          >
            Clock
          </p>
        </div>
        <div
          aria-label="program-button-Xcode"
          class="css-16co9uo"
        >
          <img
            alt="Xcode"
            class="chakra-image css-mzgt0a"
            loading="lazy"
            src=""
          />
          <p
            class="chakra-text css-1d0as8b"
          >
            Xcode
          </p>
        </div>
      </div>
    </div>
  </div>
</div>
`;
