// Jest Snapshot v1, https://goo.gl/fbAQLP

exports[`World clock component should render correctly 1`] = `
<div>
  <div
    class="css-vydr3r"
  >
    <div
      class="css-1xxms50"
    >
      <div
        aria-label="mock-clock"
      />
    </div>
    <div
      class="css-1xxms50"
    >
      <div
        aria-label="mock-clock"
      />
    </div>
    <div
      class="css-1xxms50"
    >
      <div
        aria-label="mock-clock"
      />
    </div>
    <div
      class="css-1xxms50"
    >
      <div
        aria-label="mock-clock"
      />
    </div>
  </div>
</div>
`;
