// Jest Snapshot v1, https://goo.gl/fbAQLP

exports[`Date time selector should return date time selector state and actions 1`] = `
{
  "date": "Thu May 14 2020",
  "dateObject": 2020-05-14T11:01:58.135Z,
  "dateWithoutYear": "Thu May 14",
  "initTimer": [Function],
  "time": "11:01:58 AM",
  "timeInAmPm": [Function],
}
`;
