// Jest Snapshot v1, https://goo.gl/fbAQLP

exports[`TimeDate should return the default time date component 1`] = `
<div>
  <div
    aria-label="time-date-component"
    class="css-1ludagc"
  >
    <p
      class="chakra-text css-bp9jew"
    >
      Thursday May 14
    </p>
    <p
      class="chakra-text css-1ws8p2d"
    >
      11:01
    </p>
  </div>
</div>
`;
