// Jest Snapshot v1, https://goo.gl/fbAQLP

exports[`BottomBar should render correctly to match snapshot 1`] = `
<div>
  <div
    aria-label="bottom-bar"
    class="css-c60n9a"
  >
    <div
      class="css-1fa61"
      data-rbd-droppable-context-id="0"
      data-rbd-droppable-id="droppable-list"
    >
      <div
        aria-describedby="rbd-hidden-text-0-hidden-text-0"
        class="css-dvxtzn"
        data-rbd-drag-handle-context-id="0"
        data-rbd-drag-handle-draggable-id="Finder"
        data-rbd-draggable-context-id="0"
        data-rbd-draggable-id="Finder"
        draggable="false"
        role="button"
        tabindex="0"
      >
        <img
          alt="Finder"
          class="chakra-image css-h67rfo"
          loading="lazy"
          src=""
        />
        <div
          class="css-1es0kgi"
        />
      </div>
      <div
        aria-describedby="rbd-hidden-text-0-hidden-text-0"
        class="css-dvxtzn"
        data-rbd-drag-handle-context-id="0"
        data-rbd-drag-handle-draggable-id="Chrome"
        data-rbd-draggable-context-id="0"
        data-rbd-draggable-id="Chrome"
        draggable="false"
        role="button"
        tabindex="0"
      >
        <img
          alt="Chrome"
          class="chakra-image css-h67rfo"
          loading="lazy"
          src=""
        />
        <div
          class="css-1es0kgi"
        />
      </div>
      <div
        aria-describedby="rbd-hidden-text-0-hidden-text-0"
        class="css-dvxtzn"
        data-rbd-drag-handle-context-id="0"
        data-rbd-drag-handle-draggable-id="VsCode"
        data-rbd-draggable-context-id="0"
        data-rbd-draggable-id="VsCode"
        draggable="false"
        role="button"
        tabindex="0"
      >
        <img
          alt="VsCode"
          class="chakra-image css-h67rfo"
          loading="lazy"
          src=""
        />
        <div
          class="css-1es0kgi"
        />
      </div>
      <div
        aria-describedby="rbd-hidden-text-0-hidden-text-0"
        class="css-dvxtzn"
        data-rbd-drag-handle-context-id="0"
        data-rbd-drag-handle-draggable-id="Terminal"
        data-rbd-draggable-context-id="0"
        data-rbd-draggable-id="Terminal"
        draggable="false"
        role="button"
        tabindex="0"
      >
        <img
          alt="Terminal"
          class="chakra-image css-h67rfo"
          loading="lazy"
          src=""
        />
        <div
          class="css-1es0kgi"
        />
      </div>
      <div
        aria-describedby="rbd-hidden-text-0-hidden-text-0"
        class="css-dvxtzn"
        data-rbd-drag-handle-context-id="0"
        data-rbd-drag-handle-draggable-id="Spotify"
        data-rbd-draggable-context-id="0"
        data-rbd-draggable-id="Spotify"
        draggable="false"
        role="button"
        tabindex="0"
      >
        <img
          alt="Spotify"
          class="chakra-image css-h67rfo"
          loading="lazy"
          src=""
        />
        <div
          class="css-1es0kgi"
        />
      </div>
      <div
        aria-describedby="rbd-hidden-text-0-hidden-text-0"
        class="css-dvxtzn"
        data-rbd-drag-handle-context-id="0"
        data-rbd-drag-handle-draggable-id="Github"
        data-rbd-draggable-context-id="0"
        data-rbd-draggable-id="Github"
        draggable="false"
        role="button"
        tabindex="0"
      >
        <img
          alt="Github"
          class="chakra-image css-h67rfo"
          loading="lazy"
          src=""
        />
        <div
          class="css-1es0kgi"
        />
      </div>
      <div
        aria-describedby="rbd-hidden-text-0-hidden-text-0"
        class="css-dvxtzn"
        data-rbd-drag-handle-context-id="0"
        data-rbd-drag-handle-draggable-id="Settings"
        data-rbd-draggable-context-id="0"
        data-rbd-draggable-id="Settings"
        draggable="false"
        role="button"
        tabindex="0"
      >
        <img
          alt="Settings"
          class="chakra-image css-h67rfo"
          loading="lazy"
          src=""
        />
        <div
          class="css-1es0kgi"
        />
      </div>
    </div>
  </div>
</div>
`;
