// Jest Snapshot v1, https://goo.gl/fbAQLP

exports[`Github selector should return default github state 1`] = `
{
  "currentProfile": "onemanfighter",
  "defaultProfile": "onemanfighter",
  "getCurrentProject": [Function],
  "resetCurrentProfile": [Function],
  "setCurrentProfile": [Function],
  "setProject": [Function],
}
`;
