// Jest Snapshot v1, https://goo.gl/fbAQLP

exports[`Users slice should return default terminal state 1`] = `
{
  "amitraikwar": {
    "createdAt": "2024-05-13",
    "email": "raikwar.amit.1603@gmail.com",
    "id": "amitraikwar",
    "name": "Amit Raikwar",
    "password": "Amit",
    "profilePicture": "https://avatars.githubusercontent.com/u/104697219?s=400&u=7ecc539c268755cfe0409ca5863773bb726387ba&v=4",
    "role": "admin",
    "updatedAt": "2021-09-02",
  },
}
`;
