// Jest Snapshot v1, https://goo.gl/fbAQLP

exports[`LazyMacComponent should render correctly to match snapshot 1`] = `
<div>
  <div
    aria-label="mac-screen"
    class="css-0"
  >
    <button
      class="chakra-button css-4xx2wk"
      type="button"
    >
      Open Modal
    </button>
  </div>
</div>
`;
